#1 [resolver] fetching image...docker.io/library/python:3.12-slim
#1 DONE 0.0s

#2 [internal] load build definition from Dockerfile
#2 transferring dockerfile: 27B 0.0s
#2 transferring dockerfile: 3.57kB 0.0s done
#2 DONE 0.1s

#3 [internal] load .dockerignore
#3 transferring context: 1.72kB 0.0s done
#3 DONE 0.0s

#4 [internal] load build context
#4 DONE 0.0s

#5 oci-layout://docker.io/library/python:3.12-slim@sha256:229a2c5bfa27522db7815ea81f9bed70af17ccb9de9fc7ad142b1877b5830d36
#5 resolve docker.io/library/python:3.12-slim@sha256:229a2c5bfa27522db7815ea81f9bed70af17ccb9de9fc7ad142b1877b5830d36 0.0s done
#5 DONE 0.0s

#4 [internal] load build context
#4 transferring context: 1.66kB 0.1s done
#4 DONE 0.1s

#6 [linux/arm64  4/10] RUN pip install --upgrade pip &&     pip install --no-cache-dir jupyterlab jupyterlab_vim jupytext -r /install/requirements.txt
#6 CACHED

#7 [linux/arm64/v8  6/10] COPY etc_sudoers /etc/sudoers
#7 CACHED

#8 [linux/arm64/v8  7/10] COPY bashrc /root/.bashrc
#8 CACHED

#9 [linux/arm64/v8  8/10] COPY version.sh /install/
#9 CACHED

#10 [linux/arm64  1/10] RUN apt-get update && apt-get install -y     ca-certificates     git     && rm -rf /var/lib/apt/lists/*
#10 CACHED

#11 [linux/arm64/v8  3/10] COPY requirements.txt /install/requirements.txt
#11 CACHED

#12 [linux/arm64  2/10] RUN mkdir -p /install
#12 CACHED

#13 [linux/arm64/v8  5/10] COPY etc_sudoers /install/
#13 CACHED

#14 [linux/arm64  9/10] RUN /install/version.sh 2>&1 | tee version.log
#14 CACHED

#15 exporting to oci image format
#15 exporting layers done
#15 exporting manifest sha256:730a2f097ea7bcfd39a0c2a1497235b9db301d96264a56fccd9555eddadb0e28 done
#15 exporting config sha256:f3b8dd932827bfe91ede6437d514d561fa91fe4e6bf3ce3b7adeeb92a64fb0c5 done
#15 exporting manifest list sha256:2c99fee7dda7fc04adb60c20a4911744435f098c5ded7058492b897dca74c154 done
#15 sending tarball
#15 sending tarball 6.9s done
#15 DONE 7.0s
gpsaggese/umd_project_template:latest
